[2026-08-17 15:08:20,772] INFO apps: [Signal] Nouvel utilisateur créé : Admin Ségbana (admin@montour.bj)
[2026-08-17 15:08:21,703] INFO apps: [Signal] Nouvel utilisateur créé : Agent Guichet Ségbana (agent@montour.bj)
[2026-08-17 15:08:22,740] INFO apps: [Signal] Nouvel utilisateur créé : Ismaïla OROU KARGA (oroukarga@gmail.com)
[2026-08-17 15:08:23,700] INFO apps: [Signal] Nouvel utilisateur créé : El-Hadj Adamou (Senior) (senior@montour.bj)
[2026-08-17 15:08:24,810] INFO apps: [Signal] Nouvel utilisateur créé : Bio Bio Mariam (PMR) (handicap@montour.bj)
[2026-08-17 15:08:25,746] INFO apps: [Signal] Nouvel utilisateur créé : Salifou Kandi (Urgence) (urgent@montour.bj)
[2026-08-17 15:12:21,402] INFO apps: [Signal] Nouvel utilisateur créé : Me (me@test.bj)
[2026-08-17 15:12:22,966] INFO apps: [Signal] Nouvel utilisateur créé : Moussa (moussa@test.bj)
[2026-08-17 15:12:27,183] INFO apps: [Signal] Nouvel utilisateur créé : Moussa (moussa@test.bj)
[2026-08-17 15:12:30,389] INFO apps: [Signal] Nouvel utilisateur créé : Moussa Test (moussa@test.bj)
[2026-08-17 15:12:31,713] INFO apps: [Signal] Nouvel utilisateur créé : Moussa Test (moussa@test.bj)
[2026-08-17 15:12:33,127] INFO apps: [Signal] Nouvel utilisateur créé : Old (update@test.bj)
[2026-08-17 15:12:34,483] INFO apps: [Signal] Nouvel utilisateur créé :  (admin@bj)
[2026-08-17 15:12:35,886] INFO apps: [Signal] Nouvel utilisateur créé : Test (test@bj)
[2026-08-17 15:13:48,286] INFO apps: [Signal] Nouvel utilisateur créé : Me (me@test.bj)
[2026-08-17 15:13:49,632] INFO apps: [Signal] Nouvel utilisateur créé : Moussa (moussa@test.bj)
[2026-08-17 15:13:53,873] INFO apps: [Signal] Nouvel utilisateur créé : Moussa (moussa@test.bj)
[2026-08-17 15:13:56,668] INFO apps: [Signal] Nouvel utilisateur créé : Moussa Test (moussa@test.bj)
[2026-08-17 15:13:58,124] INFO apps: [Signal] Nouvel utilisateur créé : Moussa Test (moussa@test.bj)
[2026-08-17 15:13:59,423] INFO apps: [Signal] Nouvel utilisateur créé : Old (update@test.bj)
[2026-08-17 15:14:00,787] INFO apps: [Signal] Nouvel utilisateur créé :  (admin@bj)
[2026-08-17 15:14:02,193] INFO apps: [Signal] Nouvel utilisateur créé : Test (test@bj)
[2026-08-17 15:14:03,617] INFO apps: [Signal] Nouvel utilisateur créé : UserTest (user@test.bj)
[2026-08-17 15:14:04,977] INFO apps: [Signal] Nouvel utilisateur créé : AdminTest (admin@test.bj)
[2026-08-17 15:14:06,457] INFO apps: [Signal] Nouvel utilisateur créé : UserTest (user@test.bj)
[2026-08-17 15:14:07,631] INFO apps: [Signal] Nouvel utilisateur créé : AdminTest (admin@test.bj)
[2026-08-17 15:14:08,780] INFO apps: [Signal] Nouvel utilisateur créé : UserTest (user@test.bj)
[2026-08-17 15:14:09,962] INFO apps: [Signal] Nouvel utilisateur créé : AdminTest (admin@test.bj)
[2026-08-17 15:14:11,254] INFO apps: [Signal] Nouvel utilisateur créé : UserTest (user@test.bj)
[2026-08-17 15:14:12,679] INFO apps: [Signal] Nouvel utilisateur créé : AgentTest (agent@test.bj)
[2026-08-17 15:14:14,095] INFO apps: [Signal] Nouvel utilisateur créé : UserTest (user@test.bj)
[2026-08-17 15:14:15,416] INFO apps: [Signal] Nouvel utilisateur créé : AgentTest (agent@test.bj)
[2026-08-17 15:14:16,802] INFO apps: [Signal] Nouvel utilisateur créé : UserTest (user@test.bj)
[2026-08-17 15:14:18,113] INFO apps: [Signal] Nouvel utilisateur créé : AgentTest (agent@test.bj)
[2026-08-17 15:14:19,388] INFO apps: [Signal] Nouvel utilisateur créé : Test (agent@test.bj)
[2026-08-17 15:14:20,657] INFO apps: [Signal] Nouvel utilisateur créé : Test (normal@test.bj)
[2026-08-17 15:14:21,794] INFO apps: [Signal] Nouvel utilisateur créé : Test (urgent@test.bj)
[2026-08-17 15:14:21,819] DEBUG apps: [FCM] Clé serveur non configurée — ignoré.
[2026-08-17 15:14:21,842] DEBUG apps: [FCM] Clé serveur non configurée — ignoré.
[2026-08-17 15:14:21,864] DEBUG apps: [FCM] Clé serveur non configurée — ignoré.
[2026-08-17 15:14:22,622] INFO apps: [Signal] Nouvel utilisateur créé : Test (agent@test.bj)
[2026-08-17 15:14:23,520] INFO apps: [Signal] Nouvel utilisateur créé : Test (normal@test.bj)
[2026-08-17 15:14:24,438] INFO apps: [Signal] Nouvel utilisateur créé : Test (urgent@test.bj)
[2026-08-17 15:14:24,463] DEBUG apps: [FCM] Clé serveur non configurée — ignoré.
[2026-08-17 15:14:24,488] DEBUG apps: [FCM] Clé serveur non configurée — ignoré.
[2026-08-17 15:14:25,324] INFO apps: [Signal] Nouvel utilisateur créé : Test (agent@test.bj)
[2026-08-17 15:14:26,121] INFO apps: [Signal] Nouvel utilisateur créé : Test (normal@test.bj)
[2026-08-17 15:14:27,108] INFO apps: [Signal] Nouvel utilisateur créé : Test (urgent@test.bj)
[2026-08-17 15:14:27,168] DEBUG apps: [FCM] Clé serveur non configurée — ignoré.
[2026-08-17 15:14:27,197] DEBUG apps: [FCM] Clé serveur non configurée — ignoré.
[2026-08-17 15:14:27,215] DEBUG apps: [FCM] Clé serveur non configurée — ignoré.
[2026-08-17 15:14:28,121] INFO apps: [Signal] Nouvel utilisateur créé : Test (user@test.bj)
[2026-08-17 15:14:28,145] DEBUG apps: [FCM] Clé serveur non configurée — ignoré.
[2026-08-17 15:14:28,983] INFO apps: [Signal] Nouvel utilisateur créé : Test (user@test.bj)
[2026-08-17 15:14:29,004] DEBUG apps: [FCM] Clé serveur non configurée — ignoré.
[2026-08-17 15:14:29,817] INFO apps: [Signal] Nouvel utilisateur créé : Test (user@test.bj)
[2026-08-17 15:14:30,761] INFO apps: [Signal] Nouvel utilisateur créé : Test (user@test.bj)
[2026-08-17 15:14:31,547] INFO apps: [Signal] Nouvel utilisateur créé : Test (user@test.bj)
[2026-08-17 15:14:32,370] INFO apps: [Signal] Nouvel utilisateur créé : Test (user@test.bj)
[2026-08-17 15:14:32,388] DEBUG apps: [FCM] Clé serveur non configurée — ignoré.
[2026-08-17 15:14:33,243] INFO apps: [Signal] Nouvel utilisateur créé : Test (user@test.bj)
[2026-08-17 15:14:33,266] DEBUG apps: [FCM] Clé serveur non configurée — ignoré.
[2026-08-17 15:14:34,062] INFO apps: [Signal] Nouvel utilisateur créé : Test (user@test.bj)
[2026-08-17 15:14:34,949] INFO apps: [Signal] Nouvel utilisateur créé : Test (user@test.bj)
[2026-08-17 15:14:35,795] INFO apps: [Signal] Nouvel utilisateur créé : Test (user@test.bj)
[2026-08-17 15:14:36,799] INFO apps: [Signal] Nouvel utilisateur créé : Test (user@test.bj)
[2026-08-17 15:14:37,625] INFO apps: [Signal] Nouvel utilisateur créé : Test (user@test.bj)
[2026-08-17 15:14:43,134] INFO apps: [Signal] Nouvel utilisateur créé : Me (me@test.bj)
[2026-08-17 15:14:44,042] INFO apps: [Signal] Nouvel utilisateur créé : Moussa (moussa@test.bj)
[2026-08-17 15:14:46,707] INFO apps: [Signal] Nouvel utilisateur créé : Moussa (moussa@test.bj)
[2026-08-17 15:14:48,364] INFO apps: [Signal] Nouvel utilisateur créé : Moussa Test (moussa@test.bj)
[2026-08-17 15:14:49,238] INFO apps: [Signal] Nouvel utilisateur créé : Moussa Test (moussa@test.bj)
[2026-08-17 15:14:50,082] INFO apps: [Signal] Nouvel utilisateur créé : Old (update@test.bj)
[2026-08-17 15:14:50,919] INFO apps: [Signal] Nouvel utilisateur créé :  (admin@bj)
[2026-08-17 15:14:51,845] INFO apps: [Signal] Nouvel utilisateur créé : Test (test@bj)
[2026-08-17 15:14:52,719] INFO apps: [Signal] Nouvel utilisateur créé : UserTest (user@test.bj)
[2026-08-17 15:14:53,687] INFO apps: [Signal] Nouvel utilisateur créé : AdminTest (admin@test.bj)
[2026-08-17 15:14:54,609] INFO apps: [Signal] Nouvel utilisateur créé : UserTest (user@test.bj)
[2026-08-17 15:14:55,400] INFO apps: [Signal] Nouvel utilisateur créé : AdminTest (admin@test.bj)
[2026-08-17 15:14:56,255] INFO apps: [Signal] Nouvel utilisateur créé : UserTest (user@test.bj)
[2026-08-17 15:14:57,151] INFO apps: [Signal] Nouvel utilisateur créé : AdminTest (admin@test.bj)
[2026-08-17 15:14:58,044] INFO apps: [Signal] Nouvel utilisateur créé : UserTest (user@test.bj)
[2026-08-17 15:14:58,824] INFO apps: [Signal] Nouvel utilisateur créé : AgentTest (agent@test.bj)
[2026-08-17 15:14:59,649] INFO apps: [Signal] Nouvel utilisateur créé : UserTest (user@test.bj)
[2026-08-17 15:15:00,428] INFO apps: [Signal] Nouvel utilisateur créé : AgentTest (agent@test.bj)
[2026-08-17 15:15:01,347] INFO apps: [Signal] Nouvel utilisateur créé : UserTest (user@test.bj)
[2026-08-17 15:15:02,237] INFO apps: [Signal] Nouvel utilisateur créé : AgentTest (agent@test.bj)
[2026-08-17 15:15:03,053] INFO apps: [Signal] Nouvel utilisateur créé : Test (agent@test.bj)
[2026-08-17 15:15:03,902] INFO apps: [Signal] Nouvel utilisateur créé : Test (normal@test.bj)
[2026-08-17 15:15:04,765] INFO apps: [Signal] Nouvel utilisateur créé : Test (urgent@test.bj)
[2026-08-17 15:15:04,789] DEBUG apps: [FCM] Clé serveur non configurée — ignoré.
[2026-08-17 15:15:04,817] DEBUG apps: [FCM] Clé serveur non configurée — ignoré.
[2026-08-17 15:15:04,840] DEBUG apps: [FCM] Clé serveur non configurée — ignoré.
[2026-08-17 15:15:05,706] INFO apps: [Signal] Nouvel utilisateur créé : Test (agent@test.bj)
[2026-08-17 15:15:06,545] INFO apps: [Signal] Nouvel utilisateur créé : Test (normal@test.bj)
[2026-08-17 15:15:07,412] INFO apps: [Signal] Nouvel utilisateur créé : Test (urgent@test.bj)
[2026-08-17 15:15:07,436] DEBUG apps: [FCM] Clé serveur non configurée — ignoré.
[2026-08-17 15:15:07,461] DEBUG apps: [FCM] Clé serveur non configurée — ignoré.
[2026-08-17 15:15:08,388] INFO apps: [Signal] Nouvel utilisateur créé : Test (agent@test.bj)
[2026-08-17 15:15:09,321] INFO apps: [Signal] Nouvel utilisateur créé : Test (normal@test.bj)
[2026-08-17 15:15:10,129] INFO apps: [Signal] Nouvel utilisateur créé : Test (urgent@test.bj)
[2026-08-17 15:15:10,197] DEBUG apps: [FCM] Clé serveur non configurée — ignoré.
[2026-08-17 15:15:10,217] DEBUG apps: [FCM] Clé serveur non configurée — ignoré.
[2026-08-17 15:15:10,234] DEBUG apps: [FCM] Clé serveur non configurée — ignoré.
[2026-08-17 15:15:11,127] INFO apps: [Signal] Nouvel utilisateur créé : Test (user@test.bj)
[2026-08-17 15:15:11,151] DEBUG apps: [FCM] Clé serveur non configurée — ignoré.
[2026-08-17 15:15:12,010] INFO apps: [Signal] Nouvel utilisateur créé : Test (user@test.bj)
[2026-08-17 15:15:12,040] DEBUG apps: [FCM] Clé serveur non configurée — ignoré.
[2026-08-17 15:15:13,119] INFO apps: [Signal] Nouvel utilisateur créé : Test (user@test.bj)
[2026-08-17 15:15:14,047] INFO apps: [Signal] Nouvel utilisateur créé : Test (user@test.bj)
[2026-08-17 15:15:15,193] INFO apps: [Signal] Nouvel utilisateur créé : Test (user@test.bj)
[2026-08-17 15:15:16,238] INFO apps: [Signal] Nouvel utilisateur créé : Test (user@test.bj)
[2026-08-17 15:15:16,264] DEBUG apps: [FCM] Clé serveur non configurée — ignoré.
[2026-08-17 15:15:17,112] INFO apps: [Signal] Nouvel utilisateur créé : Me (me@test.bj)
[2026-08-17 15:15:17,311] INFO apps: [Signal] Nouvel utilisateur créé : Test (user@test.bj)
[2026-08-17 15:15:17,370] DEBUG apps: [FCM] Clé serveur non configurée — ignoré.
[2026-08-17 15:15:18,337] INFO apps: [Signal] Nouvel utilisateur créé : Moussa (moussa@test.bj)
[2026-08-17 15:15:18,609] INFO apps: [Signal] Nouvel utilisateur créé : Test (user@test.bj)
[2026-08-17 15:15:19,731] INFO apps: [Signal] Nouvel utilisateur créé : Test (user@test.bj)
[2026-08-17 15:15:20,845] INFO apps: [Signal] Nouvel utilisateur créé : Test (user@test.bj)
[2026-08-17 15:15:21,760] INFO apps: [Signal] Nouvel utilisateur créé : Moussa (moussa@test.bj)
[2026-08-17 15:15:21,917] INFO apps: [Signal] Nouvel utilisateur créé : Test (user@test.bj)
[2026-08-17 15:15:23,065] INFO apps: [Signal] Nouvel utilisateur créé : Test (user@test.bj)
[2026-08-17 15:15:24,060] INFO apps: [Signal] Nouvel utilisateur créé : Moussa Test (moussa@test.bj)
[2026-08-17 15:15:25,113] INFO apps: [Signal] Nouvel utilisateur créé : Moussa Test (moussa@test.bj)
[2026-08-17 15:15:26,244] INFO apps: [Signal] Nouvel utilisateur créé : Old (update@test.bj)
[2026-08-17 15:15:27,098] INFO apps: [Signal] Nouvel utilisateur créé :  (admin@bj)
[2026-08-17 15:15:28,082] INFO apps: [Signal] Nouvel utilisateur créé : Test (test@bj)
[2026-08-17 15:15:29,258] INFO apps: [Signal] Nouvel utilisateur créé : UserTest (user@test.bj)
[2026-08-17 15:15:30,202] INFO apps: [Signal] Nouvel utilisateur créé : AdminTest (admin@test.bj)
[2026-08-17 15:15:31,154] INFO apps: [Signal] Nouvel utilisateur créé : UserTest (user@test.bj)
[2026-08-17 15:15:32,146] INFO apps: [Signal] Nouvel utilisateur créé : AdminTest (admin@test.bj)
[2026-08-17 15:15:33,087] INFO apps: [Signal] Nouvel utilisateur créé : UserTest (user@test.bj)
[2026-08-17 15:15:33,967] INFO apps: [Signal] Nouvel utilisateur créé : AdminTest (admin@test.bj)
[2026-08-17 15:15:34,905] INFO apps: [Signal] Nouvel utilisateur créé : UserTest (user@test.bj)
[2026-08-17 15:15:35,731] INFO apps: [Signal] Nouvel utilisateur créé : AgentTest (agent@test.bj)
[2026-08-17 15:15:36,455] INFO apps: [Signal] Nouvel utilisateur créé : UserTest (user@test.bj)
[2026-08-17 15:15:37,278] INFO apps: [Signal] Nouvel utilisateur créé : AgentTest (agent@test.bj)
[2026-08-17 15:15:38,187] INFO apps: [Signal] Nouvel utilisateur créé : UserTest (user@test.bj)
[2026-08-17 15:15:39,274] INFO apps: [Signal] Nouvel utilisateur créé : AgentTest (agent@test.bj)
[2026-08-17 15:15:39,956] INFO apps: [Signal] Nouvel utilisateur créé : Test (agent@test.bj)
[2026-08-17 15:15:40,733] INFO apps: [Signal] Nouvel utilisateur créé : Test (normal@test.bj)
[2026-08-17 15:15:41,537] INFO apps: [Signal] Nouvel utilisateur créé : Test (urgent@test.bj)
[2026-08-17 15:15:41,570] DEBUG apps: [FCM] Clé serveur non configurée — ignoré.
[2026-08-17 15:15:41,595] DEBUG apps: [FCM] Clé serveur non configurée — ignoré.
[2026-08-17 15:15:41,616] DEBUG apps: [FCM] Clé serveur non configurée — ignoré.
[2026-08-17 15:15:42,471] INFO apps: [Signal] Nouvel utilisateur créé : Test (agent@test.bj)
[2026-08-17 15:15:43,340] INFO apps: [Signal] Nouvel utilisateur créé : Test (normal@test.bj)
[2026-08-17 15:15:44,125] INFO apps: [Signal] Nouvel utilisateur créé : Test (urgent@test.bj)
[2026-08-17 15:15:44,144] DEBUG apps: [FCM] Clé serveur non configurée — ignoré.
[2026-08-17 15:15:44,163] DEBUG apps: [FCM] Clé serveur non configurée — ignoré.
[2026-08-17 15:15:45,068] INFO apps: [Signal] Nouvel utilisateur créé : Test (agent@test.bj)
[2026-08-17 15:15:45,891] INFO apps: [Signal] Nouvel utilisateur créé : Test (normal@test.bj)
[2026-08-17 15:15:46,815] INFO apps: [Signal] Nouvel utilisateur créé : Test (urgent@test.bj)
[2026-08-17 15:15:46,834] DEBUG apps: [FCM] Clé serveur non configurée — ignoré.
[2026-08-17 15:15:46,854] DEBUG apps: [FCM] Clé serveur non configurée — ignoré.
[2026-08-17 15:15:46,868] DEBUG apps: [FCM] Clé serveur non configurée — ignoré.
[2026-08-17 15:15:47,581] INFO apps: [Signal] Nouvel utilisateur créé : Test (user@test.bj)
[2026-08-17 15:15:47,605] DEBUG apps: [FCM] Clé serveur non configurée — ignoré.
[2026-08-17 15:15:48,409] INFO apps: [Signal] Nouvel utilisateur créé : Test (user@test.bj)
[2026-08-17 15:15:48,433] DEBUG apps: [FCM] Clé serveur non configurée — ignoré.
[2026-08-17 15:15:49,305] INFO apps: [Signal] Nouvel utilisateur créé : Test (user@test.bj)
[2026-08-17 15:15:50,063] INFO apps: [Signal] Nouvel utilisateur créé : Test (user@test.bj)
[2026-08-17 15:15:50,800] INFO apps: [Signal] Nouvel utilisateur créé : Test (user@test.bj)
[2026-08-17 15:15:51,672] INFO apps: [Signal] Nouvel utilisateur créé : Test (user@test.bj)
[2026-08-17 15:15:51,692] DEBUG apps: [FCM] Clé serveur non configurée — ignoré.
[2026-08-17 15:15:52,479] INFO apps: [Signal] Nouvel utilisateur créé : Test (user@test.bj)
[2026-08-17 15:15:52,505] DEBUG apps: [FCM] Clé serveur non configurée — ignoré.
[2026-08-17 15:15:53,311] INFO apps: [Signal] Nouvel utilisateur créé : Test (user@test.bj)
[2026-08-17 15:15:54,107] INFO apps: [Signal] Nouvel utilisateur créé : Test (user@test.bj)
[2026-08-17 15:15:54,848] INFO apps: [Signal] Nouvel utilisateur créé : Test (user@test.bj)
[2026-08-17 15:15:55,607] INFO apps: [Signal] Nouvel utilisateur créé : Test (user@test.bj)
[2026-08-17 15:15:56,380] INFO apps: [Signal] Nouvel utilisateur créé : Test (user@test.bj)
[2026-08-17 15:16:42,838] INFO apps: [Signal] Nouvel utilisateur créé : Me (me@test.bj)
[2026-08-17 15:16:43,872] INFO apps: [Signal] Nouvel utilisateur créé : Moussa (moussa@test.bj)
[2026-08-17 15:16:46,502] INFO apps: [Signal] Nouvel utilisateur créé : Moussa (moussa@test.bj)
[2026-08-17 15:16:48,199] INFO apps: [Signal] Nouvel utilisateur créé : Moussa Test (moussa@test.bj)
[2026-08-17 15:16:49,145] INFO apps: [Signal] Nouvel utilisateur créé : Moussa Test (moussa@test.bj)
[2026-08-17 15:16:50,056] INFO apps: [Signal] Nouvel utilisateur créé : Old (update@test.bj)
[2026-08-17 15:16:51,034] INFO apps: [Signal] Nouvel utilisateur créé :  (admin@bj)
[2026-08-17 15:16:51,922] INFO apps: [Signal] Nouvel utilisateur créé : Test (test@bj)
[2026-08-17 15:16:52,776] INFO apps: [Signal] Nouvel utilisateur créé : UserTest (user@test.bj)
[2026-08-17 15:16:53,592] INFO apps: [Signal] Nouvel utilisateur créé : AdminTest (admin@test.bj)
[2026-08-17 15:16:54,540] INFO apps: [Signal] Nouvel utilisateur créé : UserTest (user@test.bj)
[2026-08-17 15:16:55,578] INFO apps: [Signal] Nouvel utilisateur créé : AdminTest (admin@test.bj)
[2026-08-17 15:16:56,500] INFO apps: [Signal] Nouvel utilisateur créé : UserTest (user@test.bj)
[2026-08-17 15:16:57,339] INFO apps: [Signal] Nouvel utilisateur créé : AdminTest (admin@test.bj)
[2026-08-17 15:16:58,025] INFO apps: [Signal] Nouvel utilisateur créé : UserTest (user@test.bj)
[2026-08-17 15:16:58,836] INFO apps: [Signal] Nouvel utilisateur créé : AgentTest (agent@test.bj)
[2026-08-17 15:16:59,697] INFO apps: [Signal] Nouvel utilisateur créé : UserTest (user@test.bj)
[2026-08-17 15:17:00,544] INFO apps: [Signal] Nouvel utilisateur créé : AgentTest (agent@test.bj)
[2026-08-17 15:17:01,315] INFO apps: [Signal] Nouvel utilisateur créé : UserTest (user@test.bj)
[2026-08-17 15:17:02,026] INFO apps: [Signal] Nouvel utilisateur créé : AgentTest (agent@test.bj)
[2026-08-17 15:17:02,804] INFO apps: [Signal] Nouvel utilisateur créé : Test (agent@test.bj)
[2026-08-17 15:17:03,566] INFO apps: [Signal] Nouvel utilisateur créé : Test (normal@test.bj)
[2026-08-17 15:17:04,473] INFO apps: [Signal] Nouvel utilisateur créé : Test (urgent@test.bj)
[2026-08-17 15:17:04,556] DEBUG apps: [FCM] Clé serveur non configurée — ignoré.
[2026-08-17 15:17:04,583] DEBUG apps: [FCM] Clé serveur non configurée — ignoré.
[2026-08-17 15:17:04,602] DEBUG apps: [FCM] Clé serveur non configurée — ignoré.
[2026-08-17 15:17:05,343] INFO apps: [Signal] Nouvel utilisateur créé : Test (agent@test.bj)
[2026-08-17 15:17:06,087] INFO apps: [Signal] Nouvel utilisateur créé : Test (normal@test.bj)
[2026-08-17 15:17:06,956] INFO apps: [Signal] Nouvel utilisateur créé : Test (urgent@test.bj)
[2026-08-17 15:17:06,987] DEBUG apps: [FCM] Clé serveur non configurée — ignoré.
[2026-08-17 15:17:07,013] DEBUG apps: [FCM] Clé serveur non configurée — ignoré.
[2026-08-17 15:17:07,781] INFO apps: [Signal] Nouvel utilisateur créé : Test (agent@test.bj)
[2026-08-17 15:17:08,589] INFO apps: [Signal] Nouvel utilisateur créé : Test (normal@test.bj)
[2026-08-17 15:17:09,388] INFO apps: [Signal] Nouvel utilisateur créé : Test (urgent@test.bj)
[2026-08-17 15:17:09,412] DEBUG apps: [FCM] Clé serveur non configurée — ignoré.
[2026-08-17 15:17:09,459] DEBUG apps: [FCM] Clé serveur non configurée — ignoré.
[2026-08-17 15:17:09,473] DEBUG apps: [FCM] Clé serveur non configurée — ignoré.
[2026-08-17 15:17:10,244] INFO apps: [Signal] Nouvel utilisateur créé : Test (user@test.bj)
[2026-08-17 15:17:10,272] DEBUG apps: [FCM] Clé serveur non configurée — ignoré.
[2026-08-17 15:17:11,124] INFO apps: [Signal] Nouvel utilisateur créé : Test (user@test.bj)
[2026-08-17 15:17:11,152] DEBUG apps: [FCM] Clé serveur non configurée — ignoré.
[2026-08-17 15:17:11,951] INFO apps: [Signal] Nouvel utilisateur créé : Test (user@test.bj)
[2026-08-17 15:17:12,747] INFO apps: [Signal] Nouvel utilisateur créé : Test (user@test.bj)
[2026-08-17 15:17:13,680] INFO apps: [Signal] Nouvel utilisateur créé : Test (user@test.bj)
[2026-08-17 15:17:14,785] INFO apps: [Signal] Nouvel utilisateur créé : Test (user@test.bj)
[2026-08-17 15:17:14,808] DEBUG apps: [FCM] Clé serveur non configurée — ignoré.
[2026-08-17 15:17:15,543] INFO apps: [Signal] Nouvel utilisateur créé : Test (user@test.bj)
[2026-08-17 15:17:15,562] DEBUG apps: [FCM] Clé serveur non configurée — ignoré.
[2026-08-17 15:17:16,456] INFO apps: [Signal] Nouvel utilisateur créé : Test (user@test.bj)
[2026-08-17 15:17:17,346] INFO apps: [Signal] Nouvel utilisateur créé : Test (user@test.bj)
[2026-08-17 15:17:18,155] INFO apps: [Signal] Nouvel utilisateur créé : Test (user@test.bj)
[2026-08-17 15:17:19,039] INFO apps: [Signal] Nouvel utilisateur créé : Test (user@test.bj)
[2026-08-17 15:17:19,855] INFO apps: [Signal] Nouvel utilisateur créé : Test (user@test.bj)
